// Jest Snapshot v1, https://goo.gl/fbAQLP

exports[`should render ExpenseList with expenses 1`] = `
<Provider>
  <ExpenseList
    expenses={
      Array [
        Object {
          "amount": 195,
          "createdAt": 0,
          "description": "Rum",
          "id": 1,
          "note": "",
        },
        Object {
          "amount": 109500,
          "createdAt": -345600000,
          "description": "Coffee",
          "id": 2,
          "note": "",
        },
        Object {
          "amount": 4500,
          "createdAt": 345600000,
          "description": "Credit card",
          "id": 3,
          "note": "",
        },
      ]
    }
  />
</Provider>
`;
